info: Microsoft.EntityFrameworkCore.Migrations[20405]
      No migrations were applied. The database is already up to date.
info: SystemFoodTaxonomySeeder[0]
      System food taxonomy seed completed. Categories inserted=0, updated=0, skipped=18; tags inserted=0, updated=0, skipped=102; legacy tags deactivated=0.
info: InfrastructureLayer.Data.SNMDbContext[0]
      Controlled demo seed enabled; transaction starting.
info: InfrastructureLayer.Data.SNMDbContext[0]
      Phase 03.5 demo seed ready: 1 market, 5 booths, 20 foods, 12 reviews, 10 nodes, 12 edges.
info: InfrastructureLayer.Backgrounds.OrderCleanupBackgroundService[0]
      [OrderCleanupService] Background Service d?n d?p don h…ng da b?t d?u ch?y.
info: Microsoft.Hosting.Lifetime[14]
      Now listening on: http://0.0.0.0:5282
info: Microsoft.Hosting.Lifetime[0]
      Application started. Press Ctrl+C to shut down.
info: Microsoft.Hosting.Lifetime[0]
      Hosting environment: Development
info: Microsoft.Hosting.Lifetime[0]
      Content root path: D:\KLTN\KLTN_SU26_SNM_BE\PresentationLayer
info: PresentationLayer[0]
      PayOS runtime config. ClientIdPresent=True ApiKeyPresent=True ChecksumKeyPresent=True ReturnUrlValid=True CancelUrlValid=True
info: PresentationLayer[0]
      [HTTP] GET /health -> 200
info: PresentationLayer[0]
      [HTTP] POST /api/auth/login -> 200
warn: Microsoft.EntityFrameworkCore.Query[20504]
      Compiling a query which loads related collections for more than one collection navigation, either via 'Include' or through projection, but no 'QuerySplittingBehavior' has been configured. By default, Entity Framework will use 'QuerySplittingBehavior.SingleQuery', which can potentially result in slow query performance. See https://go.microsoft.com/fwlink/?linkid=2134277 for more information. To identify the query that's triggering this warning call 'ConfigureWarnings(w => w.Throw(RelationalEventId.MultipleCollectionIncludeWarning))'.
warn: PresentationLayer.Middlewares.ExceptionHandlingMiddleware[0]
      Database concurrency conflict for entities PaymentAttempt.
info: PresentationLayer.Middlewares.ExceptionHandlingMiddleware[0]
      Request POST /api/customer/orders/588afc20-b913-4b2b-8a09-aa9b7e234214/payments/retry returned 409 (DATABASE_CONFLICT) with trace id 0HNNDDKE4A1IO:00000003: The request conflicts with existing data.
info: PresentationLayer[0]
      [HTTP] POST /api/customer/orders/588afc20-b913-4b2b-8a09-aa9b7e234214/payments/retry -> 409
